// Jest Snapshot v1, https://goo.gl/fbAQLP

exports[`ForemanYupana render without Props 1`] = `
<div
  style={
    Object {
      "paddingBottom": "10px",
      "paddingTop": "10px",
    }
  }
>
  <ButtonGroup
    block={false}
    bsClass="btn-group"
    bsSize="large"
    justified={false}
    vertical={false}
  >
    <Button
      active={false}
      block={false}
      bsClass="btn"
      bsStyle="link"
      disabled={false}
    >
      index-tasks-page
    </Button>
    <Button
      active={false}
      block={false}
      bsClass="btn"
      bsStyle="link"
      disabled={false}
    >
      show-task-page
    </Button>
  </ButtonGroup>
</div>
`;
